// Jest Snapshot v1, https://goo.gl/fbAQLP

exports[`Should render Admin 1`] = `
<div>
  Admin
</div>
`;
